surface-ast-snapshot-v1
root:
  Root range=0..315 recovered=false
    Token kind=Identifier text="id" range=0..2 recovered=false
    Token kind=ReservedWord text="theorem" range=3..10 recovered=false
    Token kind=ReservedSymbol text=";" range=10..11 recovered=false
    Token kind=Numeral text="42" range=12..14 recovered=false
    Token kind=LexemeRun text="abc" range=15..18 recovered=false
    Token kind=UserSymbol text="++" range=19..21 recovered=false
    Token kind=StringLiteral text="line\nvalue" range=22..32 recovered=false
    Token kind=ErrorRecovery text="<error>" range=32..39 recovered=false
    Token kind=Unknown text="?" range=39..40 recovered=false
    Token kind=ErrorRecovery text="bad\ttext" range=40..48 recovered=true
    Token kind=ReservedSymbol text=".." range=49..51 recovered=false
    Token kind=Identifier text="std" range=51..54 recovered=false
    Token kind=ReservedSymbol text="." range=54..55 recovered=false
    Token kind=Identifier text="algebra" range=55..62 recovered=false
    Token kind=Identifier text="mml" range=63..66 recovered=false
    Token kind=ReservedSymbol text="." range=66..67 recovered=false
    Token kind=Identifier text="nat" range=67..70 recovered=false
    Token kind=Identifier text="top" range=71..74 recovered=false
    Token kind=ReservedSymbol text="." range=74..75 recovered=false
    Token kind=UserSymbol text="Space" range=75..80 recovered=false
    Token kind=ReservedWord text="theorem" range=81..88 recovered=false
    Token kind=ReservedSymbol text=";" range=88..89 recovered=false
    Token kind=ReservedWord text="import" range=90..96 recovered=false
    Token kind=ReservedSymbol text="." range=97..98 recovered=false
    Token kind=Identifier text="core" range=98..102 recovered=false
    Token kind=ReservedSymbol text=".{" range=102..104 recovered=false
    Token kind=Identifier text="linear" range=104..110 recovered=false
    Token kind=ReservedSymbol text="}" range=110..111 recovered=false
    Token kind=ReservedSymbol text="," range=111..112 recovered=false
    Token kind=Identifier text="algebra" range=113..120 recovered=false
    Token kind=ReservedWord text="as" range=121..123 recovered=false
    Token kind=Identifier text="A" range=124..125 recovered=false
    Token kind=ReservedSymbol text=";" range=125..126 recovered=false
    Token kind=ReservedWord text="export" range=127..133 recovered=false
    Token kind=Identifier text="Std" range=134..137 recovered=false
    Token kind=ReservedSymbol text=";" range=137..138 recovered=false
    Token kind=ReservedWord text="public" range=139..145 recovered=false
    Token kind=ReservedWord text="theorem" range=146..153 recovered=false
    Token kind=ReservedSymbol text=";" range=153..154 recovered=false
    Token kind=ReservedWord text="reserve" range=155..162 recovered=false
    Token kind=Identifier text="x" range=163..164 recovered=false
    Token kind=ReservedWord text="for" range=165..168 recovered=false
    Token kind=ReservedWord text="non" range=169..172 recovered=false
    Token kind=UserSymbol text="empty" range=173..178 recovered=false
    Token kind=UserSymbol text="T" range=179..180 recovered=false
    Token kind=ReservedSymbol text="[" range=181..182 recovered=false
    Token kind=ReservedWord text="set" range=182..185 recovered=false
    Token kind=ReservedSymbol text="," range=185..186 recovered=false
    Token kind=Identifier text="V" range=187..188 recovered=false
    Token kind=ReservedWord text="qua" range=189..192 recovered=false
    Token kind=UserSymbol text="R" range=193..194 recovered=false
    Token kind=ReservedSymbol text="]" range=194..195 recovered=false
    Token kind=ReservedSymbol text=";" range=195..196 recovered=false
    Token kind=Identifier text="n" range=197..198 recovered=false
    Token kind=ReservedSymbol text="-" range=198..199 recovered=false
    Token kind=Identifier text="x" range=200..201 recovered=false
    Token kind=Numeral text="99" range=202..204 recovered=false
    Token kind=ReservedWord text="it" range=205..207 recovered=false
    Token kind=ReservedSymbol text="(" range=208..209 recovered=false
    Token kind=Identifier text="p" range=209..210 recovered=false
    Token kind=ReservedSymbol text=")" range=210..211 recovered=false
    Token kind=ReservedWord text="the" range=212..215 recovered=false
    Token kind=ReservedWord text="set" range=216..219 recovered=false
    Token kind=UserSymbol text="F" range=220..221 recovered=false
    Token kind=ReservedSymbol text="(" range=221..222 recovered=false
    Token kind=Identifier text="a" range=222..223 recovered=false
    Token kind=ReservedSymbol text=")" range=223..224 recovered=false
    Token kind=UserSymbol text="S" range=225..226 recovered=false
    Token kind=ReservedSymbol text="(" range=226..227 recovered=false
    Token kind=Identifier text="x" range=227..228 recovered=false
    Token kind=ReservedSymbol text=":" range=228..229 recovered=false
    Token kind=Identifier text="y" range=229..230 recovered=false
    Token kind=ReservedSymbol text=")" range=230..231 recovered=false
    Token kind=ReservedSymbol text="{" range=232..233 recovered=false
    Token kind=Identifier text="a" range=233..234 recovered=false
    Token kind=ReservedSymbol text="," range=234..235 recovered=false
    Token kind=Identifier text="b" range=235..236 recovered=false
    Token kind=ReservedSymbol text="}" range=236..237 recovered=false
    Token kind=Identifier text="p" range=238..239 recovered=false
    Token kind=ReservedSymbol text="." range=239..240 recovered=false
    Token kind=Identifier text="x" range=240..241 recovered=false
    Token kind=ReservedSymbol text="(" range=241..242 recovered=false
    Token kind=ReservedSymbol text=")" range=242..243 recovered=false
    Token kind=Identifier text="p" range=244..245 recovered=false
    Token kind=ReservedWord text="with" range=246..250 recovered=false
    Token kind=ReservedSymbol text="(" range=251..252 recovered=false
    Token kind=Identifier text="start" range=252..257 recovered=false
    Token kind=ReservedSymbol text="." range=257..258 recovered=false
    Token kind=Identifier text="x" range=258..259 recovered=false
    Token kind=ReservedSymbol text=":=" range=260..262 recovered=false
    Token kind=Identifier text="y" range=263..264 recovered=false
    Token kind=ReservedSymbol text=")" range=264..265 recovered=false
    Token kind=Identifier text="q" range=266..267 recovered=false
    Token kind=ReservedWord text="qua" range=268..271 recovered=false
    Token kind=UserSymbol text="T" range=272..273 recovered=false
    Token kind=Identifier text="x" range=274..275 recovered=false
    Token kind=ReservedSymbol text="=" range=276..277 recovered=false
    Token kind=Identifier text="y" range=278..279 recovered=false
    Token kind=Identifier text="z" range=280..281 recovered=false
    Token kind=ReservedWord text="is" range=282..284 recovered=false
    Token kind=ReservedWord text="non" range=285..288 recovered=false
    Token kind=UserSymbol text="empty" range=289..294 recovered=false
    Token kind=Identifier text="a" range=295..296 recovered=false
    Token kind=UserSymbol text="divides" range=297..304 recovered=false
    Token kind=Identifier text="b" range=305..306 recovered=false
    Token kind=Identifier text="Small" range=307..312 recovered=false
    Token kind=ReservedSymbol text="(" range=312..313 recovered=false
    Token kind=Identifier text="c" range=313..314 recovered=false
    Token kind=ReservedSymbol text=")" range=314..315 recovered=false
    InfixExpression spelling="++" precedence=10 associativity=Right range=0..21 recovered=false
      Token kind=Identifier text="id" range=0..2 recovered=false
      Token kind=UserSymbol text="++" range=19..21 recovered=false
      Token kind=Numeral text="42" range=12..14 recovered=false
    ModulePath range=49..62 recovered=false
      RelativePrefix range=49..51 recovered=false
        Token kind=ReservedSymbol text=".." range=49..51 recovered=false
      PathSegment range=51..54 recovered=false
        Token kind=Identifier text="std" range=51..54 recovered=false
      Token kind=ReservedSymbol text="." range=54..55 recovered=false
      PathSegment range=55..62 recovered=false
        Token kind=Identifier text="algebra" range=55..62 recovered=false
    NamespacePath range=63..70 recovered=false
      PathSegment range=63..66 recovered=false
        Token kind=Identifier text="mml" range=63..66 recovered=false
      Token kind=ReservedSymbol text="." range=66..67 recovered=false
      PathSegment range=67..70 recovered=false
        Token kind=Identifier text="nat" range=67..70 recovered=false
    QualifiedSymbol range=71..80 recovered=false
      PathSegment range=71..74 recovered=false
        Token kind=Identifier text="top" range=71..74 recovered=false
      Token kind=ReservedSymbol text="." range=74..75 recovered=false
      PathSegment range=75..80 recovered=false
        Token kind=UserSymbol text="Space" range=75..80 recovered=false
    CompilationUnit range=81..154 recovered=false
      ItemList range=81..154 recovered=false
        PlaceholderItem range=81..89 recovered=false
          Token kind=ReservedWord text="theorem" range=81..88 recovered=false
          Token kind=ReservedSymbol text=";" range=88..89 recovered=false
        ImportItem range=90..126 recovered=false
          Token kind=ReservedWord text="import" range=90..96 recovered=false
          ModuleBranchImport range=97..111 recovered=false
            ModulePath range=97..102 recovered=false
              RelativePrefix range=97..98 recovered=false
                Token kind=ReservedSymbol text="." range=97..98 recovered=false
              PathSegment range=98..102 recovered=false
                Token kind=Identifier text="core" range=98..102 recovered=false
            Token kind=ReservedSymbol text=".{" range=102..104 recovered=false
            PathSegment range=104..110 recovered=false
              Token kind=Identifier text="linear" range=104..110 recovered=false
            Token kind=ReservedSymbol text="}" range=110..111 recovered=false
          Token kind=ReservedSymbol text="," range=111..112 recovered=false
          ImportAliasDecl range=113..125 recovered=false
            ModulePath range=113..120 recovered=false
              PathSegment range=113..120 recovered=false
                Token kind=Identifier text="algebra" range=113..120 recovered=false
            Token kind=ReservedWord text="as" range=121..123 recovered=false
            PathSegment range=124..125 recovered=false
              Token kind=Identifier text="A" range=124..125 recovered=false
          Token kind=ReservedSymbol text=";" range=125..126 recovered=false
        ExportItem range=127..138 recovered=false
          Token kind=ReservedWord text="export" range=127..133 recovered=false
          ModulePath range=134..137 recovered=false
            PathSegment range=134..137 recovered=false
              Token kind=Identifier text="Std" range=134..137 recovered=false
          Token kind=ReservedSymbol text=";" range=137..138 recovered=false
        VisibleItem range=139..154 recovered=false
          VisibilityMarker range=139..145 recovered=false
            Token kind=ReservedWord text="public" range=139..145 recovered=false
          PlaceholderItem range=146..154 recovered=false
            Token kind=ReservedWord text="theorem" range=146..153 recovered=false
            Token kind=ReservedSymbol text=";" range=153..154 recovered=false
    ReserveItem range=155..196 recovered=false
      Token kind=ReservedWord text="reserve" range=155..162 recovered=false
      ReserveSegment range=163..195 recovered=false
        Token kind=Identifier text="x" range=163..164 recovered=false
        Token kind=ReservedWord text="for" range=165..168 recovered=false
        TypeExpression range=169..195 recovered=false
          AttributeChain range=169..178 recovered=false
            AttributeRef range=169..178 recovered=false
              Token kind=ReservedWord text="non" range=169..172 recovered=false
              QualifiedSymbol range=173..178 recovered=false
                PathSegment range=173..178 recovered=false
                  Token kind=UserSymbol text="empty" range=173..178 recovered=false
          TypeHead range=179..195 recovered=false
            QualifiedSymbol range=179..180 recovered=false
              PathSegment range=179..180 recovered=false
                Token kind=UserSymbol text="T" range=179..180 recovered=false
            TypeArguments range=181..195 recovered=false
              Token kind=ReservedSymbol text="[" range=181..182 recovered=false
              TypeExpression range=182..185 recovered=false
                TypeHead range=182..185 recovered=false
                  Token kind=ReservedWord text="set" range=182..185 recovered=false
              Token kind=ReservedSymbol text="," range=185..186 recovered=false
              TermPlaceholder range=187..194 recovered=false
                Token kind=Identifier text="V" range=187..188 recovered=false
                Token kind=ReservedWord text="qua" range=189..192 recovered=false
                Token kind=UserSymbol text="R" range=193..194 recovered=false
              Token kind=ReservedSymbol text="]" range=194..195 recovered=false
      Token kind=ReservedSymbol text=";" range=195..196 recovered=false
    ParameterPrefix range=197..199 recovered=false
      Token kind=Identifier text="n" range=197..198 recovered=false
      Token kind=ReservedSymbol text="-" range=198..199 recovered=false
    TermExpression range=200..201 recovered=false
      TermReference range=200..201 recovered=false
        Token kind=Identifier text="x" range=200..201 recovered=false
    TermExpression range=202..204 recovered=false
      NumeralTerm range=202..204 recovered=false
        Token kind=Numeral text="99" range=202..204 recovered=false
    TermExpression range=205..207 recovered=false
      ItTerm range=205..207 recovered=false
        Token kind=ReservedWord text="it" range=205..207 recovered=false
    TermExpression range=208..211 recovered=false
      ParenthesizedTerm range=208..211 recovered=false
        Token kind=ReservedSymbol text="(" range=208..209 recovered=false
        TermExpression range=209..210 recovered=false
          TermReference range=209..210 recovered=false
            Token kind=Identifier text="p" range=209..210 recovered=false
        Token kind=ReservedSymbol text=")" range=210..211 recovered=false
    TermExpression range=212..219 recovered=false
      ChoiceTerm range=212..219 recovered=false
        Token kind=ReservedWord text="the" range=212..215 recovered=false
        TypeExpression range=216..219 recovered=false
          TypeHead range=216..219 recovered=false
            Token kind=ReservedWord text="set" range=216..219 recovered=false
    TermExpression range=220..224 recovered=false
      ApplicationTerm range=220..224 recovered=false
        TermReference range=220..221 recovered=false
          QualifiedSymbol range=220..221 recovered=false
            PathSegment range=220..221 recovered=false
              Token kind=UserSymbol text="F" range=220..221 recovered=false
        Token kind=ReservedSymbol text="(" range=221..222 recovered=false
        TermExpression range=222..223 recovered=false
          TermReference range=222..223 recovered=false
            Token kind=Identifier text="a" range=222..223 recovered=false
        Token kind=ReservedSymbol text=")" range=223..224 recovered=false
    TermExpression range=225..231 recovered=false
      StructureConstructor range=225..231 recovered=false
        QualifiedSymbol range=225..226 recovered=false
          PathSegment range=225..226 recovered=false
            Token kind=UserSymbol text="S" range=225..226 recovered=false
        Token kind=ReservedSymbol text="(" range=226..227 recovered=false
        FieldArgument range=227..230 recovered=false
          Token kind=Identifier text="x" range=227..228 recovered=false
          Token kind=ReservedSymbol text=":" range=228..229 recovered=false
          TermExpression range=229..230 recovered=false
            TermReference range=229..230 recovered=false
              Token kind=Identifier text="y" range=229..230 recovered=false
        Token kind=ReservedSymbol text=")" range=230..231 recovered=false
    TermExpression range=232..237 recovered=false
      SetEnumeration range=232..237 recovered=false
        Token kind=ReservedSymbol text="{" range=232..233 recovered=false
        TermExpression range=233..234 recovered=false
          TermReference range=233..234 recovered=false
            Token kind=Identifier text="a" range=233..234 recovered=false
        Token kind=ReservedSymbol text="," range=234..235 recovered=false
        TermExpression range=235..236 recovered=false
          TermReference range=235..236 recovered=false
            Token kind=Identifier text="b" range=235..236 recovered=false
        Token kind=ReservedSymbol text="}" range=236..237 recovered=false
    TermExpression range=238..243 recovered=false
      SelectorAccess range=238..243 recovered=false
        TermReference range=238..239 recovered=false
          Token kind=Identifier text="p" range=238..239 recovered=false
        Token kind=ReservedSymbol text="." range=239..240 recovered=false
        Token kind=Identifier text="x" range=240..241 recovered=false
        Token kind=ReservedSymbol text="(" range=241..242 recovered=false
        Token kind=ReservedSymbol text=")" range=242..243 recovered=false
    TermExpression range=244..265 recovered=false
      StructureUpdate range=244..265 recovered=false
        TermReference range=244..245 recovered=false
          Token kind=Identifier text="p" range=244..245 recovered=false
        Token kind=ReservedWord text="with" range=246..250 recovered=false
        Token kind=ReservedSymbol text="(" range=251..252 recovered=false
        FieldUpdate range=252..264 recovered=false
          Token kind=Identifier text="start" range=252..257 recovered=false
          Token kind=ReservedSymbol text="." range=257..258 recovered=false
          Token kind=Identifier text="x" range=258..259 recovered=false
          Token kind=ReservedSymbol text=":=" range=260..262 recovered=false
          TermExpression range=263..264 recovered=false
            TermReference range=263..264 recovered=false
              Token kind=Identifier text="y" range=263..264 recovered=false
        Token kind=ReservedSymbol text=")" range=264..265 recovered=false
    TermExpression range=266..273 recovered=false
      QuaExpression range=266..273 recovered=false
        TermReference range=266..267 recovered=false
          Token kind=Identifier text="q" range=266..267 recovered=false
        Token kind=ReservedWord text="qua" range=268..271 recovered=false
        TypeExpression range=272..273 recovered=false
          TypeHead range=272..273 recovered=false
            QualifiedSymbol range=272..273 recovered=false
              PathSegment range=272..273 recovered=false
                Token kind=UserSymbol text="T" range=272..273 recovered=false
    FormulaExpression range=274..279 recovered=false
      BuiltinPredicateApplication range=274..279 recovered=false
        TermExpression range=274..275 recovered=false
          TermReference range=274..275 recovered=false
            Token kind=Identifier text="x" range=274..275 recovered=false
        Token kind=ReservedSymbol text="=" range=276..277 recovered=false
        TermExpression range=278..279 recovered=false
          TermReference range=278..279 recovered=false
            Token kind=Identifier text="y" range=278..279 recovered=false
    FormulaExpression range=280..294 recovered=false
      IsAssertion range=280..294 recovered=false
        TermExpression range=280..281 recovered=false
          TermReference range=280..281 recovered=false
            Token kind=Identifier text="z" range=280..281 recovered=false
        Token kind=ReservedWord text="is" range=282..284 recovered=false
        AttributeTestChain range=285..294 recovered=false
          AttributeRef range=285..294 recovered=false
            Token kind=ReservedWord text="non" range=285..288 recovered=false
            QualifiedSymbol range=289..294 recovered=false
              PathSegment range=289..294 recovered=false
                Token kind=UserSymbol text="empty" range=289..294 recovered=false
    FormulaExpression range=295..306 recovered=false
      PredicateApplication range=295..306 recovered=false
        PredicateSegment range=295..306 recovered=false
          TermExpression range=295..296 recovered=false
            TermReference range=295..296 recovered=false
              Token kind=Identifier text="a" range=295..296 recovered=false
          PredicateHead range=297..304 recovered=false
            QualifiedSymbol range=297..304 recovered=false
              PathSegment range=297..304 recovered=false
                Token kind=UserSymbol text="divides" range=297..304 recovered=false
          TermExpression range=305..306 recovered=false
            TermReference range=305..306 recovered=false
              Token kind=Identifier text="b" range=305..306 recovered=false
    FormulaExpression range=307..315 recovered=false
      InlinePredicateApplication range=307..315 recovered=false
        Token kind=Identifier text="Small" range=307..312 recovered=false
        Token kind=ReservedSymbol text="(" range=312..313 recovered=false
        TermExpression range=313..314 recovered=false
          TermReference range=313..314 recovered=false
            Token kind=Identifier text="c" range=313..314 recovered=false
        Token kind=ReservedSymbol text=")" range=314..315 recovered=false
    ErrorRecovery kind=MissingEnd range=89..89 recovered=true
      Token kind=ReservedWord text="theorem" range=3..10 recovered=false
expression_root:
  InfixExpression spelling="++" precedence=10 associativity=Right range=0..21 recovered=false
    Token kind=Identifier text="id" range=0..2 recovered=false
    Token kind=UserSymbol text="++" range=19..21 recovered=false
    Token kind=Numeral text="42" range=12..14 recovered=false
token_nodes:
  Token kind=Identifier text="id" range=0..2 recovered=false
  Token kind=ReservedWord text="theorem" range=3..10 recovered=false
  Token kind=ReservedSymbol text=";" range=10..11 recovered=false
  Token kind=Numeral text="42" range=12..14 recovered=false
  Token kind=LexemeRun text="abc" range=15..18 recovered=false
  Token kind=UserSymbol text="++" range=19..21 recovered=false
  Token kind=StringLiteral text="line\nvalue" range=22..32 recovered=false
  Token kind=ErrorRecovery text="<error>" range=32..39 recovered=false
  Token kind=Unknown text="?" range=39..40 recovered=false
  Token kind=ErrorRecovery text="bad\ttext" range=40..48 recovered=true
  Token kind=ReservedSymbol text=".." range=49..51 recovered=false
  Token kind=Identifier text="std" range=51..54 recovered=false
  Token kind=ReservedSymbol text="." range=54..55 recovered=false
  Token kind=Identifier text="algebra" range=55..62 recovered=false
  Token kind=Identifier text="mml" range=63..66 recovered=false
  Token kind=ReservedSymbol text="." range=66..67 recovered=false
  Token kind=Identifier text="nat" range=67..70 recovered=false
  Token kind=Identifier text="top" range=71..74 recovered=false
  Token kind=ReservedSymbol text="." range=74..75 recovered=false
  Token kind=UserSymbol text="Space" range=75..80 recovered=false
  Token kind=ReservedWord text="theorem" range=81..88 recovered=false
  Token kind=ReservedSymbol text=";" range=88..89 recovered=false
  Token kind=ReservedWord text="import" range=90..96 recovered=false
  Token kind=ReservedSymbol text="." range=97..98 recovered=false
  Token kind=Identifier text="core" range=98..102 recovered=false
  Token kind=ReservedSymbol text=".{" range=102..104 recovered=false
  Token kind=Identifier text="linear" range=104..110 recovered=false
  Token kind=ReservedSymbol text="}" range=110..111 recovered=false
  Token kind=ReservedSymbol text="," range=111..112 recovered=false
  Token kind=Identifier text="algebra" range=113..120 recovered=false
  Token kind=ReservedWord text="as" range=121..123 recovered=false
  Token kind=Identifier text="A" range=124..125 recovered=false
  Token kind=ReservedSymbol text=";" range=125..126 recovered=false
  Token kind=ReservedWord text="export" range=127..133 recovered=false
  Token kind=Identifier text="Std" range=134..137 recovered=false
  Token kind=ReservedSymbol text=";" range=137..138 recovered=false
  Token kind=ReservedWord text="public" range=139..145 recovered=false
  Token kind=ReservedWord text="theorem" range=146..153 recovered=false
  Token kind=ReservedSymbol text=";" range=153..154 recovered=false
  Token kind=ReservedWord text="reserve" range=155..162 recovered=false
  Token kind=Identifier text="x" range=163..164 recovered=false
  Token kind=ReservedWord text="for" range=165..168 recovered=false
  Token kind=ReservedWord text="non" range=169..172 recovered=false
  Token kind=UserSymbol text="empty" range=173..178 recovered=false
  Token kind=UserSymbol text="T" range=179..180 recovered=false
  Token kind=ReservedSymbol text="[" range=181..182 recovered=false
  Token kind=ReservedWord text="set" range=182..185 recovered=false
  Token kind=ReservedSymbol text="," range=185..186 recovered=false
  Token kind=Identifier text="V" range=187..188 recovered=false
  Token kind=ReservedWord text="qua" range=189..192 recovered=false
  Token kind=UserSymbol text="R" range=193..194 recovered=false
  Token kind=ReservedSymbol text="]" range=194..195 recovered=false
  Token kind=ReservedSymbol text=";" range=195..196 recovered=false
  Token kind=Identifier text="n" range=197..198 recovered=false
  Token kind=ReservedSymbol text="-" range=198..199 recovered=false
  Token kind=Identifier text="x" range=200..201 recovered=false
  Token kind=Numeral text="99" range=202..204 recovered=false
  Token kind=ReservedWord text="it" range=205..207 recovered=false
  Token kind=ReservedSymbol text="(" range=208..209 recovered=false
  Token kind=Identifier text="p" range=209..210 recovered=false
  Token kind=ReservedSymbol text=")" range=210..211 recovered=false
  Token kind=ReservedWord text="the" range=212..215 recovered=false
  Token kind=ReservedWord text="set" range=216..219 recovered=false
  Token kind=UserSymbol text="F" range=220..221 recovered=false
  Token kind=ReservedSymbol text="(" range=221..222 recovered=false
  Token kind=Identifier text="a" range=222..223 recovered=false
  Token kind=ReservedSymbol text=")" range=223..224 recovered=false
  Token kind=UserSymbol text="S" range=225..226 recovered=false
  Token kind=ReservedSymbol text="(" range=226..227 recovered=false
  Token kind=Identifier text="x" range=227..228 recovered=false
  Token kind=ReservedSymbol text=":" range=228..229 recovered=false
  Token kind=Identifier text="y" range=229..230 recovered=false
  Token kind=ReservedSymbol text=")" range=230..231 recovered=false
  Token kind=ReservedSymbol text="{" range=232..233 recovered=false
  Token kind=Identifier text="a" range=233..234 recovered=false
  Token kind=ReservedSymbol text="," range=234..235 recovered=false
  Token kind=Identifier text="b" range=235..236 recovered=false
  Token kind=ReservedSymbol text="}" range=236..237 recovered=false
  Token kind=Identifier text="p" range=238..239 recovered=false
  Token kind=ReservedSymbol text="." range=239..240 recovered=false
  Token kind=Identifier text="x" range=240..241 recovered=false
  Token kind=ReservedSymbol text="(" range=241..242 recovered=false
  Token kind=ReservedSymbol text=")" range=242..243 recovered=false
  Token kind=Identifier text="p" range=244..245 recovered=false
  Token kind=ReservedWord text="with" range=246..250 recovered=false
  Token kind=ReservedSymbol text="(" range=251..252 recovered=false
  Token kind=Identifier text="start" range=252..257 recovered=false
  Token kind=ReservedSymbol text="." range=257..258 recovered=false
  Token kind=Identifier text="x" range=258..259 recovered=false
  Token kind=ReservedSymbol text=":=" range=260..262 recovered=false
  Token kind=Identifier text="y" range=263..264 recovered=false
  Token kind=ReservedSymbol text=")" range=264..265 recovered=false
  Token kind=Identifier text="q" range=266..267 recovered=false
  Token kind=ReservedWord text="qua" range=268..271 recovered=false
  Token kind=UserSymbol text="T" range=272..273 recovered=false
  Token kind=Identifier text="x" range=274..275 recovered=false
  Token kind=ReservedSymbol text="=" range=276..277 recovered=false
  Token kind=Identifier text="y" range=278..279 recovered=false
  Token kind=Identifier text="z" range=280..281 recovered=false
  Token kind=ReservedWord text="is" range=282..284 recovered=false
  Token kind=ReservedWord text="non" range=285..288 recovered=false
  Token kind=UserSymbol text="empty" range=289..294 recovered=false
  Token kind=Identifier text="a" range=295..296 recovered=false
  Token kind=UserSymbol text="divides" range=297..304 recovered=false
  Token kind=Identifier text="b" range=305..306 recovered=false
  Token kind=Identifier text="Small" range=307..312 recovered=false
  Token kind=ReservedSymbol text="(" range=312..313 recovered=false
  Token kind=Identifier text="c" range=313..314 recovered=false
  Token kind=ReservedSymbol text=")" range=314..315 recovered=false
